
> web-app@0.1.0 build
> next build

Γû▓ Next.js 16.1.1 (Turbopack)

  Creating an optimized production build ...
node.exe : 
At C:\Program Files\nodejs\npm.ps1:29 char:3
+   & $NODE_EXE $NPM_CLI_JS $args
+   ~~~~~~~~~~~~~~~~~~~~~~~~~~~~~
    + CategoryInfo          : NotSpecified: (:String) [], 
    RemoteException
    + FullyQualifiedErrorId : NativeCommandError
 
> Build error occurred
Error: Turbopack build failed with 6 errors:
./src/app/page.tsx:2:1
Module not found: Can't resolve '@/components/ui/button'
[0m [90m 1 |[39m [36mimport[39m { getAuthUrl } 
[36mfrom[39m [32m"@/lib/google"[39m[33m;[39m
[31m[1m>[22m[39m[90m 2 |[39m [36mimport[39m { 
[33mButton[39m } [36mfrom[39m 
[32m"@/components/ui/button"[39m[33m;[39m
 [90m   |[39m [31m[1m^[22m[39m[31m[1m^[22m[39m[
31m[1m^[22m[39m[31m[1m^[22m[39m[31m[1m^[22m[39m
[31m[1m^[22m[39m[31m[1m^[22m[39m[31m[1m^[22m[3
9m[31m[1m^[22m[39m[31m[1m^[22m[39m[31m[1m^[22m
[39m[31m[1m^[22m[39m[31m[1m^[22m[39m[31m[1m^[22
m[39m[31m[1m^[22m[39m[31m[1m^[22m[39m[31m[1m^[
22m[39m[31m[1m^[22m[39m[31m[1m^[22m[39m[31m[1m^
[22m[39m[31m[1m^[22m[39m[31m[1m^[22m[39m[31m[1
m^[22m[39m[31m[1m^[22m[39m[31m[1m^[22m[39m[31m
[1m^[22m[39m[31m[1m^[22m[39m[31m[1m^[22m[39m[31
m[1m^[22m[39m[31m[1m^[22m[39m[31m[1m^[22m[39m[
31m[1m^[22m[39m[31m[1m^[22m[39m[31m[1m^[22m[39m
[31m[1m^[22m[39m[31m[1m^[22m[39m[31m[1m^[22m[3
9m[31m[1m^[22m[39m[31m[1m^[22m[39m[31m[1m^[22m
[39m[31m[1m^[22m[39m[31m[1m^[22m[39m[31m[1m^[22
m[39m[31m[1m^[22m[39m[31m[1m^[22m[39m[31m[1m^[
22m[39m[31m[1m^[22m[39m[31m[1m^[22m[39m
 [90m 3 |[39m [36mimport[39m {
 [90m 4 |[39m   [33mCard[39m[33m,[39m
 [90m 5 |[39m   [33mCardContent[39m[33m,[39m[0m

Import map: aliased to relative 
'./src/components/ui/button' inside of [project]/


https://nextjs.org/docs/messages/module-not-found


./src/components/dashboard-form.tsx:4:1
Module not found: Can't resolve '@/components/ui/button'
[0m [90m 2 |[39m
 [90m 3 |[39m [36mimport[39m { useState } 
[36mfrom[39m [32m"react"[39m[33m;[39m
[31m[1m>[22m[39m[90m 4 |[39m [36mimport[39m { 
[33mButton[39m } [36mfrom[39m 
[32m"@/components/ui/button"[39m[33m;[39m
 [90m   |[39m [31m[1m^[22m[39m[31m[1m^[22m[39m[
31m[1m^[22m[39m[31m[1m^[22m[39m[31m[1m^[22m[39m
[31m[1m^[22m[39m[31m[1m^[22m[39m[31m[1m^[22m[3
9m[31m[1m^[22m[39m[31m[1m^[22m[39m[31m[1m^[22m
[39m[31m[1m^[22m[39m[31m[1m^[22m[39m[31m[1m^[22
m[39m[31m[1m^[22m[39m[31m[1m^[22m[39m[31m[1m^[
22m[39m[31m[1m^[22m[39m[31m[1m^[22m[39m[31m[1m^
[22m[39m[31m[1m^[22m[39m[31m[1m^[22m[39m[31m[1
m^[22m[39m[31m[1m^[22m[39m[31m[1m^[22m[39m[31m
[1m^[22m[39m[31m[1m^[22m[39m[31m[1m^[22m[39m[31
m[1m^[22m[39m[31m[1m^[22m[39m[31m[1m^[22m[39m[
31m[1m^[22m[39m[31m[1m^[22m[39m[31m[1m^[22m[39m
[31m[1m^[22m[39m[31m[1m^[22m[39m[31m[1m^[22m[3
9m[31m[1m^[22m[39m[31m[1m^[22m[39m[31m[1m^[22m
[39m[31m[1m^[22m[39m[31m[1m^[22m[39m[31m[1m^[22
m[39m[31m[1m^[22m[39m[31m[1m^[22m[39m[31m[1m^[
22m[39m[31m[1m^[22m[39m[31m[1m^[22m[39m
 [90m 5 |[39m [36mimport[39m { [33mInput[39m } 
[36mfrom[39m 
[32m"@/components/ui/input"[39m[33m;[39m
 [90m 6 |[39m [36mimport[39m { 
[33mDriveFolderPicker[39m } [36mfrom[39m 
[32m"./drive-picker"[39m[33m;[39m
 [90m 7 |[39m [36mimport[39m { [33mLoader2[39m } 
[36mfrom[39m [32m"lucide-react"[39m[33m;[39m[0m

Import map: aliased to relative 
'./src/components/ui/button' inside of [project]/


Import trace:
  Server Component:
    ./src/components/dashboard-form.tsx
    ./src/app/dashboard/page.tsx

https://nextjs.org/docs/messages/module-not-found


./src/app/dashboard/page.tsx:5:1
Module not found: Can't resolve '@/components/ui/card'
[0m [90m  3 |[39m [36mimport[39m { google } 
[36mfrom[39m [32m"googleapis"[39m[33m;[39m
 [90m  4 |[39m [36mimport[39m { oauth2Client } 
[36mfrom[39m [32m"@/lib/google"[39m[33m;[39m
[31m[1m>[22m[39m[90m  5 |[39m [36mimport[39m {
 [90m    |[39m [31m[1m^[22m[39m[31m[1m^[22m[39m
[31m[1m^[22m[39m[31m[1m^[22m[39m[31m[1m^[22m[39
m[31m[1m^[22m[39m[31m[1m^[22m[39m[31m[1m^[22m[
39m
[31m[1m>[22m[39m[90m  6 |[39m   
[33mCard[39m[33m,[39m
 [90m    |[39m [31m[1m^[22m[39m[31m[1m^[22m[39m
[31m[1m^[22m[39m[31m[1m^[22m[39m[31m[1m^[22m[39
m[31m[1m^[22m[39m[31m[1m^[22m[39m
[31m[1m>[22m[39m[90m  7 |[39m   
[33mCardHeader[39m[33m,[39m
 [90m    |[39m [31m[1m^[22m[39m[31m[1m^[22m[39m
[31m[1m^[22m[39m[31m[1m^[22m[39m[31m[1m^[22m[39
m[31m[1m^[22m[39m[31m[1m^[22m[39m
[31m[1m>[22m[39m[90m  8 |[39m   
[33mCardTitle[39m[33m,[39m
 [90m    |[39m [31m[1m^[22m[39m[31m[1m^[22m[39m
[31m[1m^[22m[39m[31m[1m^[22m[39m[31m[1m^[22m[39
m[31m[1m^[22m[39m[31m[1m^[22m[39m
[31m[1m>[22m[39m[90m  9 |[39m   
[33mCardDescription[39m[33m,[39m
 [90m    |[39m [31m[1m^[22m[39m[31m[1m^[22m[39m
[31m[1m^[22m[39m[31m[1m^[22m[39m[31m[1m^[22m[39
m[31m[1m^[22m[39m[31m[1m^[22m[39m
[31m[1m>[22m[39m[90m 10 |[39m } [36mfrom[39m 
[32m"@/components/ui/card"[39m[33m;[39m
 [90m    |[39m [31m[1m^[22m[39m[31m[1m^[22m[39m
[31m[1m^[22m[39m[31m[1m^[22m[39m[31m[1m^[22m[39
m[31m[1m^[22m[39m[31m[1m^[22m[39m[31m[1m^[22m[
39m[31m[1m^[22m[39m[31m[1m^[22m[39m[31m[1m^[22m
[39m[31m[1m^[22m[39m[31m[1m^[22m[39m[31m[1m^[2
2m[39m[31m[1m^[22m[39m[31m[1m^[22m[39m[31m[1m^
[22m[39m[31m[1m^[22m[39m[31m[1m^[22m[39m[31m[1m
^[22m[39m[31m[1m^[22m[39m[31m[1m^[22m[39m[31m[
1m^[22m[39m[31m[1m^[22m[39m[31m[1m^[22m[39m[31m
[1m^[22m[39m[31m[1m^[22m[39m[31m[1m^[22m[39m[3
1m[1m^[22m[39m[31m[1m^[22m[39m[31m[1m^[22m[39m
 [90m 11 |[39m [36mimport[39m { 
[33mDashboardForm[39m } [36mfrom[39m 
[32m"@/components/dashboard-form"[39m[33m;[39m
 [90m 12 |[39m
 [90m 13 |[39m [36masync[39m [36mfunction[39m 
getUserEmail(token[33m:[39m string) {[0m

Import map: aliased to relative 
'./src/components/ui/card' inside of [project]/


https://nextjs.org/docs/messages/module-not-found


./src/app/page.tsx:3:1
Module not found: Can't resolve '@/components/ui/card'
[0m [90m  1 |[39m [36mimport[39m { getAuthUrl } 
[36mfrom[39m [32m"@/lib/google"[39m[33m;[39m
 [90m  2 |[39m [36mimport[39m { [33mButton[39m } 
[36mfrom[39m 
[32m"@/components/ui/button"[39m[33m;[39m
[31m[1m>[22m[39m[90m  3 |[39m [36mimport[39m {
 [90m    |[39m [31m[1m^[22m[39m[31m[1m^[22m[39m
[31m[1m^[22m[39m[31m[1m^[22m[39m[31m[1m^[22m[39
m[31m[1m^[22m[39m[31m[1m^[22m[39m[31m[1m^[22m[
39m
[31m[1m>[22m[39m[90m  4 |[39m   
[33mCard[39m[33m,[39m
 [90m    |[39m [31m[1m^[22m[39m[31m[1m^[22m[39m
[31m[1m^[22m[39m[31m[1m^[22m[39m[31m[1m^[22m[39
m[31m[1m^[22m[39m[31m[1m^[22m[39m
[31m[1m>[22m[39m[90m  5 |[39m   
[33mCardContent[39m[33m,[39m
 [90m    |[39m [31m[1m^[22m[39m[31m[1m^[22m[39m
[31m[1m^[22m[39m[31m[1m^[22m[39m[31m[1m^[22m[39
m[31m[1m^[22m[39m[31m[1m^[22m[39m
[31m[1m>[22m[39m[90m  6 |[39m   
[33mCardHeader[39m[33m,[39m
 [90m    |[39m [31m[1m^[22m[39m[31m[1m^[22m[39m
[31m[1m^[22m[39m[31m[1m^[22m[39m[31m[1m^[22m[39
m[31m[1m^[22m[39m[31m[1m^[22m[39m
[31m[1m>[22m[39m[90m  7 |[39m   
[33mCardTitle[39m[33m,[39m
 [90m    |[39m [31m[1m^[22m[39m[31m[1m^[22m[39m
[31m[1m^[22m[39m[31m[1m^[22m[39m[31m[1m^[22m[39
m[31m[1m^[22m[39m[31m[1m^[22m[39m
[31m[1m>[22m[39m[90m  8 |[39m   
[33mCardDescription[39m[33m,[39m
 [90m    |[39m [31m[1m^[22m[39m[31m[1m^[22m[39m
[31m[1m^[22m[39m[31m[1m^[22m[39m[31m[1m^[22m[39
m[31m[1m^[22m[39m[31m[1m^[22m[39m
[31m[1m>[22m[39m[90m  9 |[39m } [36mfrom[39m 
[32m"@/components/ui/card"[39m[33m;[39m
 [90m    |[39m [31m[1m^[22m[39m[31m[1m^[22m[39m
[31m[1m^[22m[39m[31m[1m^[22m[39m[31m[1m^[22m[39
m[31m[1m^[22m[39m[31m[1m^[22m[39m[31m[1m^[22m[
39m[31m[1m^[22m[39m[31m[1m^[22m[39m[31m[1m^[22m
[39m[31m[1m^[22m[39m[31m[1m^[22m[39m[31m[1m^[2
2m[39m[31m[1m^[22m[39m[31m[1m^[22m[39m[31m[1m^
[22m[39m[31m[1m^[22m[39m[31m[1m^[22m[39m[31m[1m
^[22m[39m[31m[1m^[22m[39m[31m[1m^[22m[39m[31m[
1m^[22m[39m[31m[1m^[22m[39m[31m[1m^[22m[39m[31m
[1m^[22m[39m[31m[1m^[22m[39m[31m[1m^[22m[39m[3
1m[1m^[22m[39m[31m[1m^[22m[39m[31m[1m^[22m[39m
 [90m 10 |[39m [36mimport[39m [33mLink[39m 
[36mfrom[39m [32m"next/link"[39m[33m;[39m
 [90m 11 |[39m [36mimport[39m { [33mHardDrive[39m } 
[36mfrom[39m [32m"lucide-react"[39m[33m;[39m
 [90m 12 |[39m[0m

Import map: aliased to relative 
'./src/components/ui/card' inside of [project]/


https://nextjs.org/docs/messages/module-not-found


./src/components/dashboard-form.tsx:5:1
Module not found: Can't resolve '@/components/ui/input'
[0m [90m 3 |[39m [36mimport[39m { useState } 
[36mfrom[39m [32m"react"[39m[33m;[39m
 [90m 4 |[39m [36mimport[39m { [33mButton[39m } 
[36mfrom[39m 
[32m"@/components/ui/button"[39m[33m;[39m
[31m[1m>[22m[39m[90m 5 |[39m [36mimport[39m { 
[33mInput[39m } [36mfrom[39m 
[32m"@/components/ui/input"[39m[33m;[39m
 [90m   |[39m [31m[1m^[22m[39m[31m[1m^[22m[39m[
31m[1m^[22m[39m[31m[1m^[22m[39m[31m[1m^[22m[39m
[31m[1m^[22m[39m[31m[1m^[22m[39m[31m[1m^[22m[3
9m[31m[1m^[22m[39m[31m[1m^[22m[39m[31m[1m^[22m
[39m[31m[1m^[22m[39m[31m[1m^[22m[39m[31m[1m^[22
m[39m[31m[1m^[22m[39m[31m[1m^[22m[39m[31m[1m^[
22m[39m[31m[1m^[22m[39m[31m[1m^[22m[39m[31m[1m^
[22m[39m[31m[1m^[22m[39m[31m[1m^[22m[39m[31m[1
m^[22m[39m[31m[1m^[22m[39m[31m[1m^[22m[39m[31m
[1m^[22m[39m[31m[1m^[22m[39m[31m[1m^[22m[39m[31
m[1m^[22m[39m[31m[1m^[22m[39m[31m[1m^[22m[39m[
31m[1m^[22m[39m[31m[1m^[22m[39m[31m[1m^[22m[39m
[31m[1m^[22m[39m[31m[1m^[22m[39m[31m[1m^[22m[3
9m[31m[1m^[22m[39m[31m[1m^[22m[39m[31m[1m^[22m
[39m[31m[1m^[22m[39m[31m[1m^[22m[39m[31m[1m^[22
m[39m[31m[1m^[22m[39m[31m[1m^[22m[39m[31m[1m^[
22m[39m
 [90m 6 |[39m [36mimport[39m { 
[33mDriveFolderPicker[39m } [36mfrom[39m 
[32m"./drive-picker"[39m[33m;[39m
 [90m 7 |[39m [36mimport[39m { [33mLoader2[39m } 
[36mfrom[39m [32m"lucide-react"[39m[33m;[39m
 [90m 8 |[39m [36mimport[39m axios [36mfrom[39m 
[32m"axios"[39m[33m;[39m[0m

Import map: aliased to relative 
'./src/components/ui/input' inside of [project]/


Import trace:
  Server Component:
    ./src/components/dashboard-form.tsx
    ./src/app/dashboard/page.tsx

https://nextjs.org/docs/messages/module-not-found


./src/components/drive-picker.tsx:4:1
Module not found: Can't resolve '@/components/ui/select'
[0m [90m  2 |[39m
 [90m  3 |[39m [36mimport[39m { useEffect[33m,[39m 
useState } [36mfrom[39m [32m"react"[39m[33m;[39m
[31m[1m>[22m[39m[90m  4 |[39m [36mimport[39m {
 [90m    |[39m [31m[1m^[22m[39m[31m[1m^[22m[39m
[31m[1m^[22m[39m[31m[1m^[22m[39m[31m[1m^[22m[39
m[31m[1m^[22m[39m[31m[1m^[22m[39m[31m[1m^[22m[
39m
[31m[1m>[22m[39m[90m  5 |[39m   
[33mSelect[39m[33m,[39m
 [90m    |[39m [31m[1m^[22m[39m[31m[1m^[22m[39m
[31m[1m^[22m[39m[31m[1m^[22m[39m[31m[1m^[22m[39
m[31m[1m^[22m[39m[31m[1m^[22m[39m[31m[1m^[22m[
39m[31m[1m^[22m[39m
[31m[1m>[22m[39m[90m  6 |[39m   
[33mSelectContent[39m[33m,[39m
 [90m    |[39m [31m[1m^[22m[39m[31m[1m^[22m[39m
[31m[1m^[22m[39m[31m[1m^[22m[39m[31m[1m^[22m[39
m[31m[1m^[22m[39m[31m[1m^[22m[39m[31m[1m^[22m[
39m[31m[1m^[22m[39m
[31m[1m>[22m[39m[90m  7 |[39m   
[33mSelectItem[39m[33m,[39m
 [90m    |[39m [31m[1m^[22m[39m[31m[1m^[22m[39m
[31m[1m^[22m[39m[31m[1m^[22m[39m[31m[1m^[22m[39
m[31m[1m^[22m[39m[31m[1m^[22m[39m[31m[1m^[22m[
39m[31m[1m^[22m[39m
[31m[1m>[22m[39m[90m  8 |[39m   
[33mSelectTrigger[39m[33m,[39m
 [90m    |[39m [31m[1m^[22m[39m[31m[1m^[22m[39m
[31m[1m^[22m[39m[31m[1m^[22m[39m[31m[1m^[22m[39
m[31m[1m^[22m[39m[31m[1m^[22m[39m[31m[1m^[22m[
39m[31m[1m^[22m[39m
[31m[1m>[22m[39m[90m  9 |[39m   
[33mSelectValue[39m[33m,[39m
 [90m    |[39m [31m[1m^[22m[39m[31m[1m^[22m[39m
[31m[1m^[22m[39m[31m[1m^[22m[39m[31m[1m^[22m[39
m[31m[1m^[22m[39m[31m[1m^[22m[39m[31m[1m^[22m[
39m[31m[1m^[22m[39m
[31m[1m>[22m[39m[90m 10 |[39m } [36mfrom[39m 
[32m"@/components/ui/select"[39m[33m;[39m
 [90m    |[39m [31m[1m^[22m[39m[31m[1m^[22m[39m
[31m[1m^[22m[39m[31m[1m^[22m[39m[31m[1m^[22m[39
m[31m[1m^[22m[39m[31m[1m^[22m[39m[31m[1m^[22m[
39m[31m[1m^[22m[39m[31m[1m^[22m[39m[31m[1m^[22m
[39m[31m[1m^[22m[39m[31m[1m^[22m[39m[31m[1m^[2
2m[39m[31m[1m^[22m[39m[31m[1m^[22m[39m[31m[1m^
[22m[39m[31m[1m^[22m[39m[31m[1m^[22m[39m[31m[1m
^[22m[39m[31m[1m^[22m[39m[31m[1m^[22m[39m[31m[
1m^[22m[39m[31m[1m^[22m[39m[31m[1m^[22m[39m[31m
[1m^[22m[39m[31m[1m^[22m[39m[31m[1m^[22m[39m[3
1m[1m^[22m[39m[31m[1m^[22m[39m[31m[1m^[22m[39m
[31m[1m^[22m[39m[31m[1m^[22m[39m
 [90m 11 |[39m [36mimport[39m { [33mLoader2[39m } 
[36mfrom[39m [32m"lucide-react"[39m[33m;[39m
 [90m 12 |[39m [36mimport[39m axios [36mfrom[39m 
[32m"axios"[39m[33m;[39m
 [90m 13 |[39m[0m

Import map: aliased to relative 
'./src/components/ui/select' inside of [project]/


Import traces:
  Client Component Browser:
    ./src/components/drive-picker.tsx [Client Component 
Browser]
    ./src/components/dashboard-form.tsx [Client Component 
Browser]
    ./src/components/dashboard-form.tsx [Server Component]
    ./src/app/dashboard/page.tsx [Server Component]

  Client Component SSR:
    ./src/components/drive-picker.tsx [Client Component 
SSR]
    ./src/components/dashboard-form.tsx [Client Component 
SSR]
    ./src/components/dashboard-form.tsx [Server Component]
    ./src/app/dashboard/page.tsx [Server Component]

https://nextjs.org/docs/messages/module-not-found


    at <unknown> (./src/app/page.tsx:2:1)
    at <unknown> 
(https://nextjs.org/docs/messages/module-not-found)
    at <unknown> (./src/components/dashboard-form.tsx:4:1)
    at <unknown> 
(https://nextjs.org/docs/messages/module-not-found)
    at <unknown> (./src/app/dashboard/page.tsx:5:1)
    at <unknown> 
(https://nextjs.org/docs/messages/module-not-found)
    at <unknown> (./src/app/page.tsx:3:1)
    at <unknown> 
(https://nextjs.org/docs/messages/module-not-found)
    at <unknown> (./src/components/dashboard-form.tsx:5:1)
    at <unknown> 
(https://nextjs.org/docs/messages/module-not-found)
    at <unknown> (./src/components/drive-picker.tsx:4:1)
    at <unknown> 
(https://nextjs.org/docs/messages/module-not-found)
