
> web-app@0.1.0 build
> next build

Γû▓ Next.js 16.1.1 (Turbopack)

  Creating an optimized production build ...
Γ£ô Compiled successfully in 17.4s
  Running TypeScript ...
node.exe : Failed to compile.
At C:\Program Files\nodejs\npm.ps1:29 char:3
+   & $NODE_EXE $NPM_CLI_JS $args
+   ~~~~~~~~~~~~~~~~~~~~~~~~~~~~~
    + CategoryInfo          : NotSpecified: (Failed to co 
   mpile.:String) [], RemoteException
    + FullyQualifiedErrorId : NativeCommandError
 

./src/app/api/drive/list/route.ts:8:35
Type error: Property 'get' does not exist on type 
'Promise<ReadonlyRequestCookies>'.

[0m [90m  6 |[39m [36mexport[39m [36masync[39m 
[36mfunction[39m [33mGET[39m(request[33m:[39m 
[33mRequest[39m) {
 [90m  7 |[39m   [36mconst[39m cookieStore 
[33m=[39m cookies()[33m;[39m
[31m[1m>[22m[39m[90m  8 |[39m   [36mconst[39m 
accessToken [33m=[39m cookieStore[33m.[39m[36mget[39
m([32m"google_access_token"[39m)[33m?[39m[33m.[39mva
lue[33m;[39m
 [90m    |[39m                                   
[31m[1m^[22m[39m
 [90m  9 |[39m
 [90m 10 |[39m   [36mif[39m ([33m![39maccessToken) {
 [90m 11 |[39m     [36mreturn[39m 
[33mNextResponse[39m[33m.[39mjson({ error[33m:[39m 
[32m"Not authenticated"[39m }[33m,[39m { 
status[33m:[39m [35m401[39m })[33m;[39m[0m
Next.js build worker exited with code: 1 and signal: null
